deven@Krish-Dharshan MINGW64 ~/Downloads
$

deven@Krish-Dharshan MINGW64 ~/Downloads
$ ssh -i devopspractice.pem ubuntu@54.173.67.66
The authenticity of host '54.173.67.66 (54.173.67.66)' can't be established.
ED25519 key fingerprint is SHA256:eArBtowe8PpYEZpOv6/IKsaOqJTLbhm29lzm2yIlopE.
This host key is known by the following other names/addresses:
    ~/.ssh/known_hosts:4: 3.91.134.194
Are you sure you want to continue connecting (yes/no/[fingerprint])? yes
Warning: Permanently added '54.173.67.66' (ED25519) to the list of known hosts.
Welcome to Ubuntu 24.04.2 LTS (GNU/Linux 6.8.0-1029-aws x86_64)

 * Documentation:  https://help.ubuntu.com
 * Management:     https://landscape.canonical.com
 * Support:        https://ubuntu.com/pro

 System information as of Fri Jun 27 02:15:20 UTC 2025

  System load:  0.0               Processes:             104
  Usage of /:   27.8% of 6.71GB   Users logged in:       0
  Memory usage: 21%               IPv4 address for enX0: 172.31.89.128
  Swap usage:   0%


Expanded Security Maintenance for Applications is not enabled.

0 updates can be applied immediately.

Enable ESM Apps to receive additional future security updates.
See https://ubuntu.com/esm or run: sudo pro status


The list of available updates is more than a week old.
To check for new updates run: sudo apt update

Last login: Thu Jun 26 14:06:23 2025 from 117.99.201.32
ubuntu@ip-172-31-89-128:~$ sudo su -
root@ip-172-31-89-128:~# apt update
Hit:1 http://us-east-1.ec2.archive.ubuntu.com/ubuntu noble InRelease
Get:2 http://us-east-1.ec2.archive.ubuntu.com/ubuntu noble-updates InRelease [126 kB]
Get:3 http://us-east-1.ec2.archive.ubuntu.com/ubuntu noble-backports InRelease [126 kB]
Get:4 http://security.ubuntu.com/ubuntu noble-security InRelease [126 kB]
Get:5 http://us-east-1.ec2.archive.ubuntu.com/ubuntu noble/universe amd64 Packages [15.0 MB]
Get:6 http://us-east-1.ec2.archive.ubuntu.com/ubuntu noble/universe Translation-en [5982 kB]
Get:7 http://security.ubuntu.com/ubuntu noble-security/main amd64 Packages [920 kB]
Get:8 http://us-east-1.ec2.archive.ubuntu.com/ubuntu noble/universe amd64 Components [3871 kB]
Get:9 http://us-east-1.ec2.archive.ubuntu.com/ubuntu noble/universe amd64 c-n-f Metadata [301 kB]
Get:10 http://us-east-1.ec2.archive.ubuntu.com/ubuntu noble/multiverse amd64 Packages [269 kB]
Get:11 http://us-east-1.ec2.archive.ubuntu.com/ubuntu noble/multiverse Translation-en [118 kB]
Get:12 http://us-east-1.ec2.archive.ubuntu.com/ubuntu noble/multiverse amd64 Components [35.0 kB]
Get:13 http://us-east-1.ec2.archive.ubuntu.com/ubuntu noble/multiverse amd64 c-n-f Metadata [8328 B]
Get:14 http://us-east-1.ec2.archive.ubuntu.com/ubuntu noble-updates/main amd64 Packages [1168 kB]
Get:15 http://security.ubuntu.com/ubuntu noble-security/main Translation-en [169 kB]
Get:16 http://us-east-1.ec2.archive.ubuntu.com/ubuntu noble-updates/main Translation-en [246 kB]
Get:17 http://us-east-1.ec2.archive.ubuntu.com/ubuntu noble-updates/main amd64 Components [161 kB]
Get:18 http://us-east-1.ec2.archive.ubuntu.com/ubuntu noble-updates/universe amd64 Packages [1092 kB]
Get:19 http://us-east-1.ec2.archive.ubuntu.com/ubuntu noble-updates/universe Translation-en [278 kB]
Get:20 http://us-east-1.ec2.archive.ubuntu.com/ubuntu noble-updates/universe amd64 Components [376 kB]
Get:21 http://us-east-1.ec2.archive.ubuntu.com/ubuntu noble-updates/universe amd64 c-n-f Metadata [26.0 kB]
Get:22 http://us-east-1.ec2.archive.ubuntu.com/ubuntu noble-updates/restricted amd64 Packages [1274 kB]
Get:23 http://security.ubuntu.com/ubuntu noble-security/main amd64 Components [21.5 kB]
Get:24 http://security.ubuntu.com/ubuntu noble-security/universe amd64 Packages [860 kB]
Get:25 http://us-east-1.ec2.archive.ubuntu.com/ubuntu noble-updates/restricted Translation-en [271 kB]
Get:26 http://us-east-1.ec2.archive.ubuntu.com/ubuntu noble-updates/restricted amd64 Components [212 B]
Get:27 http://us-east-1.ec2.archive.ubuntu.com/ubuntu noble-updates/multiverse amd64 Packages [22.1 kB]
Get:28 http://us-east-1.ec2.archive.ubuntu.com/ubuntu noble-updates/multiverse Translation-en [4972 B]
Get:29 http://us-east-1.ec2.archive.ubuntu.com/ubuntu noble-updates/multiverse amd64 Components [940 B]
Get:30 http://us-east-1.ec2.archive.ubuntu.com/ubuntu noble-updates/multiverse amd64 c-n-f Metadata [592 B]
Get:31 http://us-east-1.ec2.archive.ubuntu.com/ubuntu noble-backports/main amd64 Packages [39.2 kB]
Get:32 http://us-east-1.ec2.archive.ubuntu.com/ubuntu noble-backports/main Translation-en [8676 B]
Get:33 http://us-east-1.ec2.archive.ubuntu.com/ubuntu noble-backports/main amd64 Components [7076 B]
Get:34 http://us-east-1.ec2.archive.ubuntu.com/ubuntu noble-backports/main amd64 c-n-f Metadata [272 B]
Get:35 http://us-east-1.ec2.archive.ubuntu.com/ubuntu noble-backports/universe amd64 Packages [27.1 kB]
Get:36 http://us-east-1.ec2.archive.ubuntu.com/ubuntu noble-backports/universe Translation-en [16.5 kB]
Get:37 http://us-east-1.ec2.archive.ubuntu.com/ubuntu noble-backports/universe amd64 Components [16.3 kB]
Get:38 http://us-east-1.ec2.archive.ubuntu.com/ubuntu noble-backports/universe amd64 c-n-f Metadata [1304 B]
Get:39 http://us-east-1.ec2.archive.ubuntu.com/ubuntu noble-backports/restricted amd64 Components [216 B]
Get:40 http://us-east-1.ec2.archive.ubuntu.com/ubuntu noble-backports/restricted amd64 c-n-f Metadata [116 B]
Get:41 http://us-east-1.ec2.archive.ubuntu.com/ubuntu noble-backports/multiverse amd64 Components [212 B]
Get:42 http://us-east-1.ec2.archive.ubuntu.com/ubuntu noble-backports/multiverse amd64 c-n-f Metadata [116 B]
Get:43 http://security.ubuntu.com/ubuntu noble-security/universe Translation-en [188 kB]
Get:44 http://security.ubuntu.com/ubuntu noble-security/universe amd64 Components [52.3 kB]
Get:45 http://security.ubuntu.com/ubuntu noble-security/universe amd64 c-n-f Metadata [17.0 kB]
Get:46 http://security.ubuntu.com/ubuntu noble-security/restricted amd64 Packages [1235 kB]
Get:47 http://security.ubuntu.com/ubuntu noble-security/restricted Translation-en [263 kB]
Get:48 http://security.ubuntu.com/ubuntu noble-security/restricted amd64 Components [212 B]
Get:49 http://security.ubuntu.com/ubuntu noble-security/multiverse amd64 Packages [17.7 kB]
Get:50 http://security.ubuntu.com/ubuntu noble-security/multiverse Translation-en [3792 B]
Get:51 http://security.ubuntu.com/ubuntu noble-security/multiverse amd64 Components [212 B]
Get:52 http://security.ubuntu.com/ubuntu noble-security/multiverse amd64 c-n-f Metadata [380 B]
Fetched 34.8 MB in 7s (5144 kB/s)
Reading package lists... Done
Building dependency tree... Done
Reading state information... Done
30 packages can be upgraded. Run 'apt list --upgradable' to see them.
root@ip-172-31-89-128:~#
root@ip-172-31-89-128:~#
root@ip-172-31-89-128:~#
root@ip-172-31-89-128:~# lsblk
NAME     MAJ:MIN   RM  SIZE RO TYPE MOUNTPOINTS
loop0      7:0      0 27.2M  1 loop /snap/amazon-ssm-agent/11320
loop1      7:1      0 73.9M  1 loop /snap/core22/1981
loop2      7:2      0 50.9M  1 loop /snap/snapd/24505
loop3      7:3      0 50.9M  1 loop /snap/snapd/24718
loop4      7:4      0 73.9M  1 loop /snap/core22/2010
xvda     202:0      0    8G  0 disk
├─xvda1  202:1      0    7G  0 part /
├─xvda14 202:14     0    4M  0 part
├─xvda15 202:15     0  106M  0 part /boot/efi
└─xvda16 259:0      0  913M  0 part /boot
xvdbb    202:13568  0  150G  0 disk
root@ip-172-31-89-128:~#
root@ip-172-31-89-128:~#
root@ip-172-31-89-128:~# fdisk /dev/xvdbb

Welcome to fdisk (util-linux 2.39.3).
Changes will remain in memory only, until you decide to write them.
Be careful before using the write command.

Device does not contain a recognized partition table.
Created a new DOS (MBR) disklabel with disk identifier 0x29ea4d44.

Command (m for help): n
Partition type
   p   primary (0 primary, 0 extended, 4 free)
   e   extended (container for logical partitions)
Select (default p): p
Partition number (1-4, default 1): 1
First sector (2048-314572799, default 2048):
Last sector, +/-sectors or +/-size{K,M,G,T,PG
Last sector, +/-sectors or +/-size{K,M,G,T,P} (2048-314572799, default 314572799): 30G
Value out of range.
Last sector, +/-sectors or +/-size{K,M,G,T,P} (2048-314572799, default 314572799): 58593750

Created a new partition 1 of type 'Linux' and of size 27.9 GiB.

Command (m for help): n
Partition type
   p   primary (1 primary, 0 extended, 3 free)
   e   extended (container for logical partitions)
Select (default p): p
Partition number (2-4, default 2): 2
First sector (58593751-314572799, default 58595328):
Last sector, +/-sectors or +/-size{K,M,G,T,P} (58595328-314572799, default 314572799): 121509888

Created a new partition 2 of type 'Linux' and of size 30 GiB.

Command (m for help): n
Partition type
   p   primary (2 primary, 0 extended, 2 free)
   e   extended (container for logical partitions)
Select (default p): p
Partition number (3,4, default 3): 3
First sector (58593751-314572799, default 121511936):
Last sector, +/-sectors or +/-size{K,M,G,T,P} (121511936-314572799, default 314572799): 184426496

Created a new partition 3 of type 'Linux' and of size 30 GiB.

Command (m for help): n
Partition type
   p   primary (3 primary, 0 extended, 1 free)
   e   extended (container for logical partitions)
Select (default e): p

Selected partition 4
First sector (58593751-314572799, default 184428544):
Last sector, +/-sectors or +/-size{K,M,G,T,P} (184428544-314572799, default 314572799):

Created a new partition 4 of type 'Linux' and of size 62.1 GiB.

Command (m for help): p
Disk /dev/xvdbb: 150 GiB, 161061273600 bytes, 314572800 sectors
Units: sectors of 1 * 512 = 512 bytes
Sector size (logical/physical): 512 bytes / 512 bytes
I/O size (minimum/optimal): 512 bytes / 512 bytes
Disklabel type: dos
Disk identifier: 0x29ea4d44

Device      Boot     Start       End   Sectors  Size Id Type
/dev/xvdbb1           2048  58593750  58591703 27.9G 83 Linux
/dev/xvdbb2       58595328 121509888  62914561   30G 83 Linux
/dev/xvdbb3      121511936 184426496  62914561   30G 83 Linux
/dev/xvdbb4      184428544 314572799 130144256 62.1G 83 Linux

Command (m for help):


Command (m for help): m

Help:

  DOS (MBR)
   a   toggle a bootable flag
   b   edit nested BSD disklabel
   c   toggle the dos compatibility flag

  Generic
   d   delete a partition
   F   list free unpartitioned space
   l   list known partition types
   n   add a new partition
   p   print the partition table
   t   change a partition type
   v   verify the partition table
   i   print information about a partition

  Misc
   m   print this menu
   u   change display/entry units
   x   extra functionality (experts only)

  Script
   I   load disk layout from sfdisk script file
   O   dump disk layout to sfdisk script file

  Save & Exit
   w   write table to disk and exit
   q   quit without saving changes

  Create a new label
   g   create a new empty GPT partition table
   G   create a new empty SGI (IRIX) partition table
   o   create a new empty MBR (DOS) partition table
   s   create a new empty Sun partition table


Command (m for help): w

The partition table has been altered.
Calling ioctl() to re-read partition table.
Syncing disks.

root@ip-172-31-89-128:~#
root@ip-172-31-89-128:~# lsblk
NAME     MAJ:MIN   RM  SIZE RO TYPE MOUNTPOINTS
loop0      7:0      0 27.2M  1 loop /snap/amazon-ssm-agent/11320
loop1      7:1      0 73.9M  1 loop /snap/core22/1981
loop2      7:2      0 50.9M  1 loop /snap/snapd/24505
loop3      7:3      0 50.9M  1 loop /snap/snapd/24718
loop4      7:4      0 73.9M  1 loop /snap/core22/2010
xvda     202:0      0    8G  0 disk
├─xvda1  202:1      0    7G  0 part /
├─xvda14 202:14     0    4M  0 part
├─xvda15 202:15     0  106M  0 part /boot/efi
└─xvda16 259:0      0  913M  0 part /boot
xvdbb    202:13568  0  150G  0 disk
├─xvdbb1 202:13569  0 27.9G  0 part
├─xvdbb2 202:13570  0   30G  0 part
├─xvdbb3 202:13571  0   30G  0 part
└─xvdbb4 202:13572  0 62.1G  0 part
root@ip-172-31-89-128:~#
root@ip-172-31-89-128:~# date
Fri Jun 27 02:53:46 UTC 2025
root@ip-172-31-89-128:~#
root@ip-172-31-89-128:~#
root@ip-172-31-89-128:~#
root@ip-172-31-89-128:~# pvs
root@ip-172-31-89-128:~#
root@ip-172-31-89-128:~# pvcreate /dev/xvdbb1
  Physical volume "/dev/xvdbb1" successfully created.
root@ip-172-31-89-128:~#
root@ip-172-31-89-128:~# pvs
  PV          VG Fmt  Attr PSize   PFree
  /dev/xvdbb1    lvm2 ---  <27.94g <27.94g
root@ip-172-31-89-128:~#
root@ip-172-31-89-128:~# pvcreate /dev/xvdbb2
  Physical volume "/dev/xvdbb2" successfully created.
root@ip-172-31-89-128:~#
root@ip-172-31-89-128:~# pvs
  PV          VG Fmt  Attr PSize   PFree
  /dev/xvdbb1    lvm2 ---  <27.94g <27.94g
  /dev/xvdbb2    lvm2 ---   30.00g  30.00g
root@ip-172-31-89-128:~#
root@ip-172-31-89-128:~# pvcreate /dev/xvdbb3
  Physical volume "/dev/xvdbb3" successfully created.
root@ip-172-31-89-128:~#
root@ip-172-31-89-128:~# pvs
  PV          VG Fmt  Attr PSize   PFree
  /dev/xvdbb1    lvm2 ---  <27.94g <27.94g
  /dev/xvdbb2    lvm2 ---   30.00g  30.00g
  /dev/xvdbb3    lvm2 ---   30.00g  30.00g
root@ip-172-31-89-128:~#
root@ip-172-31-89-128:~# pvcreate /dev/xvdbb4
  Physical volume "/dev/xvdbb4" successfully created.
root@ip-172-31-89-128:~#
root@ip-172-31-89-128:~# pvs
  PV          VG Fmt  Attr PSize   PFree
  /dev/xvdbb1    lvm2 ---  <27.94g <27.94g
  /dev/xvdbb2    lvm2 ---   30.00g  30.00g
  /dev/xvdbb3    lvm2 ---   30.00g  30.00g
  /dev/xvdbb4    lvm2 ---  <62.06g <62.06g
root@ip-172-31-89-128:~#
root@ip-172-31-89-128:~#
root@ip-172-31-89-128:~# date
Fri Jun 27 02:59:36 UTC 2025
root@ip-172-31-89-128:~#
root@ip-172-31-89-128:~#
root@ip-172-31-89-128:~#
root@ip-172-31-89-128:~# vgs
root@ip-172-31-89-128:~#
root@ip-172-31-89-128:~# vgvreate vgdevops /dev/xvdbb1
Command 'vgvreate' not found, did you mean:
  command 'vgcreate' from deb lvm2 (2.03.16-3ubuntu3.2)
Try: apt install <deb name>
root@ip-172-31-89-128:~#
root@ip-172-31-89-128:~#
root@ip-172-31-89-128:~# vgs
root@ip-172-31-89-128:~#
root@ip-172-31-89-128:~# vgcreate vgdevops /dev/xvdbb1
  Volume group "vgdevops" successfully created
root@ip-172-31-89-128:~#
root@ip-172-31-89-128:~# vgs
  VG       #PV #LV #SN Attr   VSize   VFree
  vgdevops   1   0   0 wz--n- <27.94g <27.94g
root@ip-172-31-89-128:~#
root@ip-172-31-89-128:~# pvs
  PV          VG       Fmt  Attr PSize   PFree
  /dev/xvdbb1 vgdevops lvm2 a--  <27.94g <27.94g
  /dev/xvdbb2          lvm2 ---   30.00g  30.00g
  /dev/xvdbb3          lvm2 ---   30.00g  30.00g
  /dev/xvdbb4          lvm2 ---  <62.06g <62.06g
root@ip-172-31-89-128:~#
root@ip-172-31-89-128:~# lvcreate -n lvdevops1 -L 20G vgdevops
  Logical volume "lvdevops1" created.
root@ip-172-31-89-128:~#
root@ip-172-31-89-128:~# lvs
  LV        VG       Attr       LSize  Pool Origin Data%  Meta%  Move Log Cpy%Sync Convert
  lvdevops1 vgdevops -wi-a----- 20.00g
root@ip-172-31-89-128:~#
root@ip-172-31-89-128:~# vgs
  VG       #PV #LV #SN Attr   VSize   VFree
  vgdevops   1   1   0 wz--n- <27.94g <7.94g
root@ip-172-31-89-128:~#
root@ip-172-31-89-128:~# pvs
  PV          VG       Fmt  Attr PSize   PFree
  /dev/xvdbb1 vgdevops lvm2 a--  <27.94g  <7.94g
  /dev/xvdbb2          lvm2 ---   30.00g  30.00g
  /dev/xvdbb3          lvm2 ---   30.00g  30.00g
  /dev/xvdbb4          lvm2 ---  <62.06g <62.06g
root@ip-172-31-89-128:~#
root@ip-172-31-89-128:~# date
Fri Jun 27 03:08:12 UTC 2025
root@ip-172-31-89-128:~#
root@ip-172-31-89-128:~# lvs
  LV        VG       Attr       LSize  Pool Origin Data%  Meta%  Move Log Cpy%Sync Convert
  lvdevops1 vgdevops -wi-a----- 20.00g
root@ip-172-31-89-128:~#
root@ip-172-31-89-128:~# lvdisplay lvdevops1
  Volume group "lvdevops1" not found
  Cannot process volume group lvdevops1
root@ip-172-31-89-128:~#
root@ip-172-31-89-128:~# vgdisplay vgdevops
  --- Volume group ---
  VG Name               vgdevops
  System ID
  Format                lvm2
  Metadata Areas        1
  Metadata Sequence No  2
  VG Access             read/write
  VG Status             resizable
  MAX LV                0
  Cur LV                1
  Open LV               0
  Max PV                0
  Cur PV                1
  Act PV                1
  VG Size               <27.94 GiB
  PE Size               4.00 MiB
  Total PE              7152
  Alloc PE / Size       5120 / 20.00 GiB
  Free  PE / Size       2032 / <7.94 GiB
  VG UUID               IVw5re-N4vQ-Z7yc-dqWb-xqPT-pPG1-fh2G8x

root@ip-172-31-89-128:~#
root@ip-172-31-89-128:~#
root@ip-172-31-89-128:~# lvs
  LV        VG       Attr       LSize  Pool Origin Data%  Meta%  Move Log Cpy%Sync Convert
  lvdevops1 vgdevops -wi-a----- 20.00g
root@ip-172-31-89-128:~#
root@ip-172-31-89-128:~# vgdisplay vgdevops
  --- Volume group ---
  VG Name               vgdevops
  System ID
  Format                lvm2
  Metadata Areas        1
  Metadata Sequence No  2
  VG Access             read/write
  VG Status             resizable
  MAX LV                0
  Cur LV                1
  Open LV               0
  Max PV                0
  Cur PV                1
  Act PV                1
  VG Size               <27.94 GiB
  PE Size               4.00 MiB
  Total PE              7152
  Alloc PE / Size       5120 / 20.00 GiB
  Free  PE / Size       2032 / <7.94 GiB
  VG UUID               IVw5re-N4vQ-Z7yc-dqWb-xqPT-pPG1-fh2G8x

root@ip-172-31-89-128:~#
root@ip-172-31-89-128:~# date
Fri Jun 27 03:12:44 UTC 2025
root@ip-172-31-89-128:~#
root@ip-172-31-89-128:~# mkfs.ext4 lvdevops1
mke2fs 1.47.0 (5-Feb-2023)
The file lvdevops1 does not exist and no size was specified.
root@ip-172-31-89-128:~#
root@ip-172-31-89-128:~# mkfs.ext4 /dev/mapper/vgdevops-lvdevops1
mke2fs 1.47.0 (5-Feb-2023)
Creating filesystem with 5242880 4k blocks and 1310720 inodes
Filesystem UUID: 2b99014b-bcae-4132-869d-211319acec4c
Superblock backups stored on blocks:
        32768, 98304, 163840, 229376, 294912, 819200, 884736, 1605632, 2654208,
        4096000

Allocating group tables: done
Writing inode tables: done
Creating journal (32768 blocks): done
Writing superblocks and filesystem accounting information: done

root@ip-172-31-89-128:~# date
Fri Jun 27 03:14:08 UTC 2025
root@ip-172-31-89-128:~#
root@ip-172-31-89-128:~# lvs
  LV        VG       Attr       LSize  Pool Origin Data%  Meta%  Move Log Cpy%Sync Convert
  lvdevops1 vgdevops -wi-a----- 20.00g
root@ip-172-31-89-128:~#
root@ip-172-31-89-128:~# pvs
  PV          VG       Fmt  Attr PSize   PFree
  /dev/xvdbb1 vgdevops lvm2 a--  <27.94g  <7.94g
  /dev/xvdbb2          lvm2 ---   30.00g  30.00g
  /dev/xvdbb3          lvm2 ---   30.00g  30.00g
  /dev/xvdbb4          lvm2 ---  <62.06g <62.06g
root@ip-172-31-89-128:~#
root@ip-172-31-89-128:~# vgs
  VG       #PV #LV #SN Attr   VSize   VFree
  vgdevops   1   1   0 wz--n- <27.94g <7.94g
root@ip-172-31-89-128:~#
root@ip-172-31-89-128:~# df -h
Filesystem      Size  Used Avail Use% Mounted on
/dev/root       6.8G  2.1G  4.7G  32% /
tmpfs           479M     0  479M   0% /dev/shm
tmpfs           192M  896K  191M   1% /run
tmpfs           5.0M     0  5.0M   0% /run/lock
/dev/xvda16     881M   86M  734M  11% /boot
/dev/xvda15     105M  6.2M   99M   6% /boot/efi
tmpfs            96M   12K   96M   1% /run/user/1000
root@ip-172-31-89-128:~#
root@ip-172-31-89-128:~# mkdir /users/devops
mkdir: cannot create directory ‘/users/devops’: No such file or directory
root@ip-172-31-89-128:~#
root@ip-172-31-89-128:~# mkdir -p /users/devops
root@ip-172-31-89-128:~#
root@ip-172-31-89-128:~# ls -ld /users/devops/
drwxr-xr-x 2 root root 4096 Jun 27 03:17 /users/devops/
root@ip-172-31-89-128:~#
root@ip-172-31-89-128:~# df -h
Filesystem      Size  Used Avail Use% Mounted on
/dev/root       6.8G  2.1G  4.7G  32% /
tmpfs           479M     0  479M   0% /dev/shm
tmpfs           192M  896K  191M   1% /run
tmpfs           5.0M     0  5.0M   0% /run/lock
/dev/xvda16     881M   86M  734M  11% /boot
/dev/xvda15     105M  6.2M   99M   6% /boot/efi
tmpfs            96M   12K   96M   1% /run/user/1000
root@ip-172-31-89-128:~#
root@ip-172-31-89-128:~# mount /dev/mapper/vgdevops-lvdevops1 /users/devops/
root@ip-172-31-89-128:~#
root@ip-172-31-89-128:~# df -h
Filesystem                      Size  Used Avail Use% Mounted on
/dev/root                       6.8G  2.1G  4.7G  32% /
tmpfs                           479M     0  479M   0% /dev/shm
tmpfs                           192M  896K  191M   1% /run
tmpfs                           5.0M     0  5.0M   0% /run/lock
/dev/xvda16                     881M   86M  734M  11% /boot
/dev/xvda15                     105M  6.2M   99M   6% /boot/efi
tmpfs                            96M   12K   96M   1% /run/user/1000
/dev/mapper/vgdevops-lvdevops1   20G   24K   19G   1% /users/devops
root@ip-172-31-89-128:~#
root@ip-172-31-89-128:~#
root@ip-172-31-89-128:~#
root@ip-172-31-89-128:~# shutdown -r now

Broadcast message from root@ip-172-31-89-128 on pts/1 (Fri 2025-06-27 03:20:31 UTC):

The system will reboot now!

root@ip-172-31-89-128:~# Connection to 54.173.67.66 closed by remote host.
Connection to 54.173.67.66 closed.

deven@Krish-Dharshan MINGW64 ~/Downloads
$

deven@Krish-Dharshan MINGW64 ~/Downloads
$

deven@Krish-Dharshan MINGW64 ~/Downloads
$ ssh -i devopspractice.pem ubuntu@54.173.67.66
ssh: connect to host 54.173.67.66 port 22: Connection timed out

deven@Krish-Dharshan MINGW64 ~/Downloads
$

deven@Krish-Dharshan MINGW64 ~/Downloads
$ ssh -i devopspractice.pem ubuntu@54.173.67.66
Welcome to Ubuntu 24.04.2 LTS (GNU/Linux 6.8.0-1029-aws x86_64)

 * Documentation:  https://help.ubuntu.com
 * Management:     https://landscape.canonical.com
 * Support:        https://ubuntu.com/pro

 System information as of Fri Jun 27 03:21:52 UTC 2025

  System load:  0.28              Processes:             112
  Usage of /:   31.1% of 6.71GB   Users logged in:       0
  Memory usage: 21%               IPv4 address for enX0: 172.31.89.128
  Swap usage:   0%


Expanded Security Maintenance for Applications is not enabled.

34 updates can be applied immediately.
33 of these updates are standard security updates.
To see these additional updates run: apt list --upgradable

Enable ESM Apps to receive additional future security updates.
See https://ubuntu.com/esm or run: sudo pro status


Last login: Fri Jun 27 02:15:21 2025 from 49.204.12.189
ubuntu@ip-172-31-89-128:~$ sudo su -
root@ip-172-31-89-128:~# date
Fri Jun 27 03:22:11 UTC 2025
root@ip-172-31-89-128:~#
root@ip-172-31-89-128:~# uptime
 03:22:15 up 0 min,  1 user,  load average: 0.20, 0.06, 0.02
root@ip-172-31-89-128:~#
root@ip-172-31-89-128:~#
root@ip-172-31-89-128:~# df -h
Filesystem      Size  Used Avail Use% Mounted on
/dev/root       6.8G  2.1G  4.7G  32% /
tmpfs           479M     0  479M   0% /dev/shm
tmpfs           192M  892K  191M   1% /run
tmpfs           5.0M     0  5.0M   0% /run/lock
/dev/xvda16     881M   86M  734M  11% /boot
/dev/xvda15     105M  6.2M   99M   6% /boot/efi
tmpfs            96M   12K   96M   1% /run/user/1000
root@ip-172-31-89-128:~#
root@ip-172-31-89-128:~# lvs
  LV        VG       Attr       LSize  Pool Origin Data%  Meta%  Move Log Cpy%Sync Convert
  lvdevops1 vgdevops -wi-a----- 20.00g
root@ip-172-31-89-128:~#
root@ip-172-31-89-128:~# vgs
  VG       #PV #LV #SN Attr   VSize   VFree
  vgdevops   1   1   0 wz--n- <27.94g <7.94g
root@ip-172-31-89-128:~#
root@ip-172-31-89-128:~# pvs
  PV          VG       Fmt  Attr PSize   PFree
  /dev/xvdbb1 vgdevops lvm2 a--  <27.94g  <7.94g
  /dev/xvdbb2          lvm2 ---   30.00g  30.00g
  /dev/xvdbb3          lvm2 ---   30.00g  30.00g
  /dev/xvdbb4          lvm2 ---  <62.06g <62.06g
root@ip-172-31-89-128:~#
root@ip-172-31-89-128:~#
root@ip-172-31-89-128:~# cat /etc/fstab
LABEL=cloudimg-rootfs   /        ext4   discard,commit=30,errors=remount-ro     0 1
LABEL=BOOT      /boot   ext4    defaults        0 2
LABEL=UEFI      /boot/efi       vfat    umask=0077      0 1
root@ip-172-31-89-128:~#
root@ip-172-31-89-128:~#
root@ip-172-31-89-128:~# df -h
Filesystem      Size  Used Avail Use% Mounted on
/dev/root       6.8G  2.1G  4.7G  32% /
tmpfs           479M     0  479M   0% /dev/shm
tmpfs           192M  892K  191M   1% /run
tmpfs           5.0M     0  5.0M   0% /run/lock
/dev/xvda16     881M   86M  734M  11% /boot
/dev/xvda15     105M  6.2M   99M   6% /boot/efi
tmpfs            96M   12K   96M   1% /run/user/1000
root@ip-172-31-89-128:~#
root@ip-172-31-89-128:~# cp -pr /etc/fstab /etc/fstab_27062025
root@ip-172-31-89-128:~#
root@ip-172-31-89-128:~# ll /etc/fstab*
-rw-r--r-- 1 root root 146 Jun 10 10:05 /etc/fstab
-rw-r--r-- 1 root root 146 Jun 10 10:05 /etc/fstab_27062025
root@ip-172-31-89-128:~#
root@ip-172-31-89-128:~# vi /etc/fstab
root@ip-172-31-89-128:~#
root@ip-172-31-89-128:~# vi /etc/fstab
root@ip-172-31-89-128:~#
root@ip-172-31-89-128:~# cat /etc/fstab
LABEL=cloudimg-rootfs   /        ext4   discard,commit=30,errors=remount-ro     0 1
LABEL=BOOT      /boot   ext4    defaults        0 2
LABEL=UEFI      /boot/efi       vfat    umask=0077      0 1
/dev/mapper/vgdevops-lvdevops1    /users/devops  ext4  defaults 0 0
root@ip-172-31-89-128:~#
root@ip-172-31-89-128:~# mount /dev/mapper/vgdevops-lvdevops1 /users/devops/
mount: (hint) your fstab has been modified, but systemd still uses
       the old version; use 'systemctl daemon-reload' to reload.
root@ip-172-31-89-128:~#
root@ip-172-31-89-128:~# systemctl daemon-reload
root@ip-172-31-89-128:~#
root@ip-172-31-89-128:~# df -h
Filesystem                      Size  Used Avail Use% Mounted on
/dev/root                       6.8G  2.1G  4.7G  32% /
tmpfs                           479M     0  479M   0% /dev/shm
tmpfs                           192M  896K  191M   1% /run
tmpfs                           5.0M     0  5.0M   0% /run/lock
/dev/xvda16                     881M   86M  734M  11% /boot
/dev/xvda15                     105M  6.2M   99M   6% /boot/efi
tmpfs                            96M   12K   96M   1% /run/user/1000
/dev/mapper/vgdevops-lvdevops1   20G   24K   19G   1% /users/devops
root@ip-172-31-89-128:~#
root@ip-172-31-89-128:~#
root@ip-172-31-89-128:~# sgutdown -r now
Command 'sgutdown' not found, did you mean:
  command 'shutdown' from deb systemd-sysv (255.4-1ubuntu8.6)
  command 'shutdown' from deb finit-sysv (4.2-1)
  command 'shutdown' from deb molly-guard (0.8.3)
Try: apt install <deb name>
root@ip-172-31-89-128:~#
root@ip-172-31-89-128:~# shutdown -r now

Broadcast message from root@ip-172-31-89-128 on pts/1 (Fri 2025-06-27 03:32:44 UTC):

The system will reboot now!

root@ip-172-31-89-128:~# Read from remote host 54.173.67.66: Connection reset by peer
Connection to 54.173.67.66 closed.
client_loop: send disconnect: Connection reset by peer

deven@Krish-Dharshan MINGW64 ~/Downloads
$

deven@Krish-Dharshan MINGW64 ~/Downloads
$ ssh -i devopspractice.pem ubuntu@54.173.67.66
Welcome to Ubuntu 24.04.2 LTS (GNU/Linux 6.8.0-1029-aws x86_64)

 * Documentation:  https://help.ubuntu.com
 * Management:     https://landscape.canonical.com
 * Support:        https://ubuntu.com/pro

 System information as of Fri Jun 27 03:21:52 UTC 2025

  System load:  0.28              Processes:             112
  Usage of /:   31.1% of 6.71GB   Users logged in:       0
  Memory usage: 21%               IPv4 address for enX0: 172.31.89.128
  Swap usage:   0%


Expanded Security Maintenance for Applications is not enabled.

34 updates can be applied immediately.
33 of these updates are standard security updates.
To see these additional updates run: apt list --upgradable

Enable ESM Apps to receive additional future security updates.
See https://ubuntu.com/esm or run: sudo pro status


Last login: Fri Jun 27 03:21:54 2025 from 49.204.12.189
ubuntu@ip-172-31-89-128:~$
ubuntu@ip-172-31-89-128:~$ sudo su -
root@ip-172-31-89-128:~#
root@ip-172-31-89-128:~# uptime
 03:34:23 up 0 min,  1 user,  load average: 0.91, 0.29, 0.10
root@ip-172-31-89-128:~#
root@ip-172-31-89-128:~# date
Fri Jun 27 03:34:25 UTC 2025
root@ip-172-31-89-128:~#
root@ip-172-31-89-128:~# df -h
Filesystem                      Size  Used Avail Use% Mounted on
/dev/root                       6.8G  2.1G  4.6G  32% /
tmpfs                           479M     0  479M   0% /dev/shm
tmpfs                           192M  896K  191M   1% /run
tmpfs                           5.0M     0  5.0M   0% /run/lock
/dev/xvda16                     881M   86M  734M  11% /boot
/dev/xvda15                     105M  6.2M   99M   6% /boot/efi
/dev/mapper/vgdevops-lvdevops1   20G   24K   19G   1% /users/devops
tmpfs                            96M   12K   96M   1% /run/user/1000
root@ip-172-31-89-128:~#
root@ip-172-31-89-128:~# date
Fri Jun 27 03:35:21 UTC 2025
root@ip-172-31-89-128:~#
root@ip-172-31-89-128:~# vgs
  VG       #PV #LV #SN Attr   VSize   VFree
  vgdevops   1   1   0 wz--n- <27.94g <7.94g
root@ip-172-31-89-128:~#
root@ip-172-31-89-128:~# pvs
  PV          VG       Fmt  Attr PSize   PFree
  /dev/xvdbb1 vgdevops lvm2 a--  <27.94g  <7.94g
  /dev/xvdbb2          lvm2 ---   30.00g  30.00g
  /dev/xvdbb3          lvm2 ---   30.00g  30.00g
  /dev/xvdbb4          lvm2 ---  <62.06g <62.06g
root@ip-172-31-89-128:~# lvs
  LV        VG       Attr       LSize  Pool Origin Data%  Meta%  Move Log Cpy%Sync Convert
  lvdevops1 vgdevops -wi-ao---- 20.00g
root@ip-172-31-89-128:~#
root@ip-172-31-89-128:~#
root@ip-172-31-89-128:~# pvs
  PV          VG       Fmt  Attr PSize   PFree
  /dev/xvdbb1 vgdevops lvm2 a--  <27.94g  <7.94g
  /dev/xvdbb2          lvm2 ---   30.00g  30.00g
  /dev/xvdbb3          lvm2 ---   30.00g  30.00g
  /dev/xvdbb4          lvm2 ---  <62.06g <62.06g
root@ip-172-31-89-128:~#
root@ip-172-31-89-128:~# vgs
  VG       #PV #LV #SN Attr   VSize   VFree
  vgdevops   1   1   0 wz--n- <27.94g <7.94g
root@ip-172-31-89-128:~#
root@ip-172-31-89-128:~# lvs
  LV        VG       Attr       LSize  Pool Origin Data%  Meta%  Move Log Cpy%Sync Convert
  lvdevops1 vgdevops -wi-ao---- 20.00g
root@ip-172-31-89-128:~#
root@ip-172-31-89-128:~# lvextend -L +2G /dev/vgdevops/lvdevops1
  Size of logical volume vgdevops/lvdevops1 changed from 20.00 GiB (5120 extents) to 22.00 GiB (5632 extents).
  Logical volume vgdevops/lvdevops1 successfully resized.
root@ip-172-31-89-128:~#
root@ip-172-31-89-128:~# resize2fs /dev/m
mapper/ mcelog  mem     mqueue/
root@ip-172-31-89-128:~# resize2fs /dev/mapper/vgdevops-lvdevops1
resize2fs 1.47.0 (5-Feb-2023)
Filesystem at /dev/mapper/vgdevops-lvdevops1 is mounted on /users/devops; on-line resizing required
old_desc_blocks = 3, new_desc_blocks = 3
The filesystem on /dev/mapper/vgdevops-lvdevops1 is now 5767168 (4k) blocks long.

root@ip-172-31-89-128:~#
root@ip-172-31-89-128:~# df -hT /dev/mapper/vgdevops-lvdevops1
Filesystem                     Type  Size  Used Avail Use% Mounted on
/dev/mapper/vgdevops-lvdevops1 ext4   22G   24K   21G   1% /users/devops
root@ip-172-31-89-128:~#
root@ip-172-31-89-128:~# date
Fri Jun 27 03:37:47 UTC 2025
root@ip-172-31-89-128:~#
root@ip-172-31-89-128:~#
root@ip-172-31-89-128:~# vgs
  VG       #PV #LV #SN Attr   VSize   VFree
  vgdevops   1   1   0 wz--n- <27.94g <5.94g
root@ip-172-31-89-128:~#
root@ip-172-31-89-128:~# pvs
  PV          VG       Fmt  Attr PSize   PFree
  /dev/xvdbb1 vgdevops lvm2 a--  <27.94g  <5.94g
  /dev/xvdbb2          lvm2 ---   30.00g  30.00g
  /dev/xvdbb3          lvm2 ---   30.00g  30.00g
  /dev/xvdbb4          lvm2 ---  <62.06g <62.06g
root@ip-172-31-89-128:~#
root@ip-172-31-89-128:~# lvs
  LV        VG       Attr       LSize  Pool Origin Data%  Meta%  Move Log Cpy%Sync Convert
  lvdevops1 vgdevops -wi-ao---- 22.00g
root@ip-172-31-89-128:~#
root@ip-172-31-89-128:~# lvextend -L +100%FREE /dev/vgdevops/lvdevops1 -r
  Can't parse size argument.
  Invalid argument for --size: +100%FREE
  Error during parsing of command line.
root@ip-172-31-89-128:~#
root@ip-172-31-89-128:~# lvextend -l +100%FREE /dev/vgdevops/lvdevops1 -r
  Size of logical volume vgdevops/lvdevops1 changed from 22.00 GiB (5632 extents) to <27.94 GiB (7152 extents).
  Logical volume vgdevops/lvdevops1 successfully resized.
resize2fs 1.47.0 (5-Feb-2023)
Filesystem at /dev/mapper/vgdevops-lvdevops1 is mounted on /users/devops; on-line resizing required
old_desc_blocks = 3, new_desc_blocks = 4
The filesystem on /dev/mapper/vgdevops-lvdevops1 is now 7323648 (4k) blocks long.

root@ip-172-31-89-128:~#
root@ip-172-31-89-128:~# df -h /dev/mapper/vgdevops-lvdevops1
Filesystem                      Size  Used Avail Use% Mounted on
/dev/mapper/vgdevops-lvdevops1   28G   24K   26G   1% /users/devops
root@ip-172-31-89-128:~#
root@ip-172-31-89-128:~# df -hT /users/devops
Filesystem                     Type  Size  Used Avail Use% Mounted on
/dev/mapper/vgdevops-lvdevops1 ext4   28G   24K   26G   1% /users/devops
root@ip-172-31-89-128:~#
root@ip-172-31-89-128:~# date
Fri Jun 27 03:42:19 UTC 2025
root@ip-172-31-89-128:~#
root@ip-172-31-89-128:~# vgs
  VG       #PV #LV #SN Attr   VSize   VFree
  vgdevops   1   1   0 wz--n- <27.94g    0
root@ip-172-31-89-128:~# pvs
  PV          VG       Fmt  Attr PSize   PFree
  /dev/xvdbb1 vgdevops lvm2 a--  <27.94g      0
  /dev/xvdbb2          lvm2 ---   30.00g  30.00g
  /dev/xvdbb3          lvm2 ---   30.00g  30.00g
  /dev/xvdbb4          lvm2 ---  <62.06g <62.06g
root@ip-172-31-89-128:~#
root@ip-172-31-89-128:~# lvs
  LV        VG       Attr       LSize   Pool Origin Data%  Meta%  Move Log Cpy%Sync Convert
  lvdevops1 vgdevops -wi-ao---- <27.94g
root@ip-172-31-89-128:~#
root@ip-172-31-89-128:~# date
Fri Jun 27 03:44:35 UTC 2025
root@ip-172-31-89-128:~#
root@ip-172-31-89-128:~#
root@ip-172-31-89-128:~# Read from remote host 54.173.67.66: Connection reset by peer
Connection to 54.173.67.66 closed.
client_loop: send disconnect: Connection reset by peer

deven@Krish-Dharshan MINGW64 ~/Downloads
$

deven@Krish-Dharshan MINGW64 ~/Downloads
$ ssh -i devopspractice.pem ubuntu@54.173.67.66
Welcome to Ubuntu 24.04.2 LTS (GNU/Linux 6.8.0-1029-aws x86_64)

 * Documentation:  https://help.ubuntu.com
 * Management:     https://landscape.canonical.com
 * Support:        https://ubuntu.com/pro

 System information as of Fri Jun 27 04:30:03 UTC 2025

  System load:  0.0               Processes:             108
  Usage of /:   31.3% of 6.71GB   Users logged in:       0
  Memory usage: 20%               IPv4 address for enX0: 172.31.89.128
  Swap usage:   0%

 * Ubuntu Pro delivers the most comprehensive open source security and
   compliance features.

   https://ubuntu.com/aws/pro

Expanded Security Maintenance for Applications is not enabled.

34 updates can be applied immediately.
33 of these updates are standard security updates.
To see these additional updates run: apt list --upgradable

Enable ESM Apps to receive additional future security updates.
See https://ubuntu.com/esm or run: sudo pro status


Last login: Fri Jun 27 03:34:13 2025 from 49.204.12.189
ubuntu@ip-172-31-89-128:~$ sudo su -
root@ip-172-31-89-128:~#
root@ip-172-31-89-128:~#
root@ip-172-31-89-128:~# vgs
  VG       #PV #LV #SN Attr   VSize   VFree
  vgdevops   1   1   0 wz--n- <27.94g    0
root@ip-172-31-89-128:~#
root@ip-172-31-89-128:~# pvs
  PV          VG       Fmt  Attr PSize   PFree
  /dev/xvdbb1 vgdevops lvm2 a--  <27.94g      0
  /dev/xvdbb2          lvm2 ---   30.00g  30.00g
  /dev/xvdbb3          lvm2 ---   30.00g  30.00g
  /dev/xvdbb4          lvm2 ---  <62.06g <62.06g
root@ip-172-31-89-128:~#
root@ip-172-31-89-128:~# vgs
  VG       #PV #LV #SN Attr   VSize   VFree
  vgdevops   1   1   0 wz--n- <27.94g    0
root@ip-172-31-89-128:~#
root@ip-172-31-89-128:~# lvs
  LV        VG       Attr       LSize   Pool Origin Data%  Meta%  Move Log Cpy%Sync Convert
  lvdevops1 vgdevops -wi-ao---- <27.94g
root@ip-172-31-89-128:~#
root@ip-172-31-89-128:~# vgextend /dev/xvdb2 vgdevops
  No device found for vgdevops.
root@ip-172-31-89-128:~#
root@ip-172-31-89-128:~#
root@ip-172-31-89-128:~# vgextend vgdevops /dev/xvdbb2
  Volume group "vgdevops" successfully extended
root@ip-172-31-89-128:~#
root@ip-172-31-89-128:~# vgs
  VG       #PV #LV #SN Attr   VSize  VFree
  vgdevops   2   1   0 wz--n- 57.93g <30.00g
root@ip-172-31-89-128:~#
root@ip-172-31-89-128:~# pvs
  PV          VG       Fmt  Attr PSize   PFree
  /dev/xvdbb1 vgdevops lvm2 a--  <27.94g      0
  /dev/xvdbb2 vgdevops lvm2 a--  <30.00g <30.00g
  /dev/xvdbb3          lvm2 ---   30.00g  30.00g
  /dev/xvdbb4          lvm2 ---  <62.06g <62.06g
root@ip-172-31-89-128:~#
root@ip-172-31-89-128:~# lvs
  LV        VG       Attr       LSize   Pool Origin Data%  Meta%  Move Log Cpy%Sync Convert
  lvdevops1 vgdevops -wi-ao---- <27.94g
root@ip-172-31-89-128:~#
root@ip-172-31-89-128:~#
root@ip-172-31-89-128:~# lvextend -L +20G /dev/vgdevops/lvdevops1
  Size of logical volume vgdevops/lvdevops1 changed from <27.94 GiB (7152 extents) to <47.94 GiB (12272 extents).
  Logical volume vgdevops/lvdevops1 successfully resized.
root@ip-172-31-89-128:~#
root@ip-172-31-89-128:~# resize2fs /dev/mapper/vgdevops-lvdevops1
resize2fs 1.47.0 (5-Feb-2023)
Filesystem at /dev/mapper/vgdevops-lvdevops1 is mounted on /users/devops; on-line resizing required
old_desc_blocks = 4, new_desc_blocks = 6
The filesystem on /dev/mapper/vgdevops-lvdevops1 is now 12566528 (4k) blocks long.

root@ip-172-31-89-128:~#
root@ip-172-31-89-128:~# df -h /users/devops/
Filesystem                      Size  Used Avail Use% Mounted on
/dev/mapper/vgdevops-lvdevops1   48G   24K   45G   1% /users/devops
root@ip-172-31-89-128:~# date
Fri Jun 27 04:35:26 UTC 2025
root@ip-172-31-89-128:~#
root@ip-172-31-89-128:~#
root@ip-172-31-89-128:~# vgs
  VG       #PV #LV #SN Attr   VSize  VFree
  vgdevops   2   1   0 wz--n- 57.93g <10.00g
root@ip-172-31-89-128:~#
root@ip-172-31-89-128:~# pvs
  PV          VG       Fmt  Attr PSize   PFree
  /dev/xvdbb1 vgdevops lvm2 a--  <27.94g      0
  /dev/xvdbb2 vgdevops lvm2 a--  <30.00g <10.00g
  /dev/xvdbb3          lvm2 ---   30.00g  30.00g
  /dev/xvdbb4          lvm2 ---  <62.06g <62.06g
root@ip-172-31-89-128:~#
root@ip-172-31-89-128:~# lvcreate -n lvdeveloper1 -L 10G vgdevops
  Volume group "vgdevops" has insufficient free space (2559 extents): 2560 required.
root@ip-172-31-89-128:~#
root@ip-172-31-89-128:~# lvcreate -n lvdeveloper1 -L 9.9G vgdevops
  Rounding up size to full physical extent 9.90 GiB
  Logical volume "lvdeveloper1" created.
root@ip-172-31-89-128:~#
root@ip-172-31-89-128:~# vgs
  VG       #PV #LV #SN Attr   VSize  VFree
  vgdevops   2   2   0 wz--n- 57.93g 96.00m
root@ip-172-31-89-128:~#
root@ip-172-31-89-128:~# mkfs.ext4 /dev/mapper/vgdevops-lvdeveloper1
mke2fs 1.47.0 (5-Feb-2023)
Creating filesystem with 2595840 4k blocks and 648960 inodes
Filesystem UUID: d6984cc2-671b-4941-a652-dcd813dce779
Superblock backups stored on blocks:
        32768, 98304, 163840, 229376, 294912, 819200, 884736, 1605632

Allocating group tables: done
Writing inode tables: done
Creating journal (16384 blocks): done
Writing superblocks and filesystem accounting information: done

root@ip-172-31-89-128:~# mkdir /users/developerRead from remote host 54.173.67.66: Connection reset by peer
Connection to 54.173.67.66 closed.
client_loop: send disconnect: Connection reset by peer

deven@Krish-Dharshan MINGW64 ~/Downloads
$

deven@Krish-Dharshan MINGW64 ~/Downloads
$ ssh -i devopspractice.pem ubuntu@54.173.67.66
Welcome to Ubuntu 24.04.2 LTS (GNU/Linux 6.8.0-1029-aws x86_64)

 * Documentation:  https://help.ubuntu.com
 * Management:     https://landscape.canonical.com
 * Support:        https://ubuntu.com/pro

 System information as of Fri Jun 27 04:48:47 UTC 2025

  System load:  0.0               Processes:             112
  Usage of /:   32.4% of 6.71GB   Users logged in:       0
  Memory usage: 21%               IPv4 address for enX0: 172.31.89.128
  Swap usage:   0%

 * Ubuntu Pro delivers the most comprehensive open source security and
   compliance features.

   https://ubuntu.com/aws/pro

Expanded Security Maintenance for Applications is not enabled.

34 updates can be applied immediately.
33 of these updates are standard security updates.
To see these additional updates run: apt list --upgradable

Enable ESM Apps to receive additional future security updates.
See https://ubuntu.com/esm or run: sudo pro status


Last login: Fri Jun 27 04:30:04 2025 from 49.204.12.189
ubuntu@ip-172-31-89-128:~$ sudo su -
root@ip-172-31-89-128:~# cat /etc/fstab
LABEL=cloudimg-rootfs   /        ext4   discard,commit=30,errors=remount-ro     0 1
LABEL=BOOT      /boot   ext4    defaults        0 2
LABEL=UEFI      /boot/efi       vfat    umask=0077      0 1
/dev/mapper/vgdevops-lvdevops1    /users/devops  ext4  defaults 0 0
root@ip-172-31-89-128:~#
root@ip-172-31-89-128:~# cp -pr /etc/fstab /etc/fstab_26-06-2025
root@ip-172-31-89-128:~#
root@ip-172-31-89-128:~# vi /etc/fstab
root@ip-172-31-89-128:~#
root@ip-172-31-89-128:~# cat /etc/fstab
LABEL=cloudimg-rootfs   /        ext4   discard,commit=30,errors=remount-ro     0 1
LABEL=BOOT      /boot   ext4    defaults        0 2
LABEL=UEFI      /boot/efi       vfat    umask=0077      0 1
/dev/mapper/vgdevops-lvdevops1    /users/devops  ext4  defaults 0 0
/dev/mapper/vgdevops-lvdeveloper1    /users/developer  ext4  defaults 0 0
root@ip-172-31-89-128:~#
root@ip-172-31-89-128:~#
root@ip-172-31-89-128:~# df -h
Filesystem                      Size  Used Avail Use% Mounted on
/dev/root                       6.8G  2.2G  4.6G  33% /
tmpfs                           479M     0  479M   0% /dev/shm
tmpfs                           192M  900K  191M   1% /run
tmpfs                           5.0M     0  5.0M   0% /run/lock
/dev/xvda16                     881M   86M  734M  11% /boot
/dev/xvda15                     105M  6.2M   99M   6% /boot/efi
/dev/mapper/vgdevops-lvdevops1   48G   24K   45G   1% /users/devops
tmpfs                            96M   12K   96M   1% /run/user/1000
root@ip-172-31-89-128:~#
root@ip-172-31-89-128:~# mount -a
mount: /users/developer: mount point does not exist.
       dmesg(1) may have more information after failed mount system call.
mount: (hint) your fstab has been modified, but systemd still uses
       the old version; use 'systemctl daemon-reload' to reload.
root@ip-172-31-89-128:~#
root@ip-172-31-89-128:~# systemctl daemon-reload
root@ip-172-31-89-128:~#
root@ip-172-31-89-128:~# df -h
Filesystem                      Size  Used Avail Use% Mounted on
/dev/root                       6.8G  2.2G  4.6G  33% /
tmpfs                           479M     0  479M   0% /dev/shm
tmpfs                           192M  904K  191M   1% /run
tmpfs                           5.0M     0  5.0M   0% /run/lock
/dev/xvda16                     881M   86M  734M  11% /boot
/dev/xvda15                     105M  6.2M   99M   6% /boot/efi
/dev/mapper/vgdevops-lvdevops1   48G   24K   45G   1% /users/devops
tmpfs                            96M   12K   96M   1% /run/user/1000
root@ip-172-31-89-128:~#
root@ip-172-31-89-128:~# mount -a
mount: /users/developer: mount point does not exist.
       dmesg(1) may have more information after failed mount system call.
root@ip-172-31-89-128:~#
root@ip-172-31-89-128:~# mkdir -p /users/developer
root@ip-172-31-89-128:~#
root@ip-172-31-89-128:~# mount -a
root@ip-172-31-89-128:~#
root@ip-172-31-89-128:~# df -h
Filesystem                         Size  Used Avail Use% Mounted on
/dev/root                          6.8G  2.2G  4.6G  33% /
tmpfs                              479M     0  479M   0% /dev/shm
tmpfs                              192M  904K  191M   1% /run
tmpfs                              5.0M     0  5.0M   0% /run/lock
/dev/xvda16                        881M   86M  734M  11% /boot
/dev/xvda15                        105M  6.2M   99M   6% /boot/efi
/dev/mapper/vgdevops-lvdevops1      48G   24K   45G   1% /users/devops
tmpfs                               96M   12K   96M   1% /run/user/1000
/dev/mapper/vgdevops-lvdeveloper1  9.7G   24K  9.2G   1% /users/developer
root@ip-172-31-89-128:~#
root@ip-172-31-89-128:~# date
Fri Jun 27 04:57:19 UTC 2025
root@ip-172-31-89-128:~#
root@ip-172-31-89-128:~#
root@ip-172-31-89-128:~#
root@ip-172-31-89-128:~# lsblk
NAME                      MAJ:MIN   RM  SIZE RO TYPE MOUNTPOINTS
loop0                       7:0      0 27.2M  1 loop /snap/amazon-ssm-agent/11320
loop1                       7:1      0 73.9M  1 loop /snap/core22/1981
loop2                       7:2      0 73.9M  1 loop /snap/core22/2010
loop3                       7:3      0 50.9M  1 loop /snap/snapd/24505
loop4                       7:4      0 50.9M  1 loop /snap/snapd/24718
xvda                      202:0      0    8G  0 disk
├─xvda1                   202:1      0    7G  0 part /
├─xvda14                  202:14     0    4M  0 part
├─xvda15                  202:15     0  106M  0 part /boot/efi
└─xvda16                  259:0      0  913M  0 part /boot
xvdbb                     202:13568  0  150G  0 disk
├─xvdbb1                  202:13569  0 27.9G  0 part
│ └─vgdevops-lvdevops1    252:0      0 47.9G  0 lvm  /users/devops
├─xvdbb2                  202:13570  0   30G  0 part
│ ├─vgdevops-lvdevops1    252:0      0 47.9G  0 lvm  /users/devops
│ └─vgdevops-lvdeveloper1 252:1      0  9.9G  0 lvm  /users/developer
├─xvdbb3                  202:13571  0   30G  0 part
└─xvdbb4                  202:13572  0 62.1G  0 part
xvdbc                     202:13824  0   30G  0 disk
root@ip-172-31-89-128:~#
root@ip-172-31-89-128:~# date
Fri Jun 27 05:02:58 UTC 2025
root@ip-172-31-89-128:~#
root@ip-172-31-89-128:~#
root@ip-172-31-89-128:~# vgs
  VG       #PV #LV #SN Attr   VSize  VFree
  vgdevops   2   2   0 wz--n- 57.93g 96.00m
root@ip-172-31-89-128:~#
root@ip-172-31-89-128:~# pvs
  PV          VG       Fmt  Attr PSize   PFree
  /dev/xvdbb1 vgdevops lvm2 a--  <27.94g      0
  /dev/xvdbb2 vgdevops lvm2 a--  <30.00g  96.00m
  /dev/xvdbb3          lvm2 ---   30.00g  30.00g
  /dev/xvdbb4          lvm2 ---  <62.06g <62.06g
root@ip-172-31-89-128:~#
root@ip-172-31-89-128:~# lvs
  LV           VG       Attr       LSize   Pool Origin Data%  Meta%  Move Log Cpy%Sync Convert
  lvdeveloper1 vgdevops -wi-ao----   9.90g
  lvdevops1    vgdevops -wi-ao---- <47.94g
root@ip-172-31-89-128:~#
root@ip-172-31-89-128:~#
root@ip-172-31-89-128:~# pvcreate /dev/xvdbc
  Physical volume "/dev/xvdbc" successfully created.
root@ip-172-31-89-128:~#
root@ip-172-31-89-128:~# pvs
  PV          VG       Fmt  Attr PSize   PFree
  /dev/xvdbb1 vgdevops lvm2 a--  <27.94g      0
  /dev/xvdbb2 vgdevops lvm2 a--  <30.00g  96.00m
  /dev/xvdbb3          lvm2 ---   30.00g  30.00g
  /dev/xvdbb4          lvm2 ---  <62.06g <62.06g
  /dev/xvdbc           lvm2 ---   30.00g  30.00g
root@ip-172-31-89-128:~#
root@ip-172-31-89-128:~# vgcreate  vgtesters /dev/xvdbc
  Volume group "vgtesters" successfully created
root@ip-172-31-89-128:~#
root@ip-172-31-89-128:~# vgs
  VG        #PV #LV #SN Attr   VSize   VFree
  vgdevops    2   2   0 wz--n-  57.93g  96.00m
  vgtesters   1   0   0 wz--n- <30.00g <30.00g
root@ip-172-31-89-128:~#
root@ip-172-31-89-128:~# pvs
  PV          VG        Fmt  Attr PSize   PFree
  /dev/xvdbb1 vgdevops  lvm2 a--  <27.94g      0
  /dev/xvdbb2 vgdevops  lvm2 a--  <30.00g  96.00m
  /dev/xvdbb3           lvm2 ---   30.00g  30.00g
  /dev/xvdbb4           lvm2 ---  <62.06g <62.06g
  /dev/xvdbc  vgtesters lvm2 a--  <30.00g <30.00g
root@ip-172-31-89-128:~#
root@ip-172-31-89-128:~#
root@ip-172-31-89-128:~# lvs
  LV           VG       Attr       LSize   Pool Origin Data%  Meta%  Move Log Cpy%Sync Convert
  lvdeveloper1 vgdevops -wi-ao----   9.90g
  lvdevops1    vgdevops -wi-ao---- <47.94g
root@ip-172-31-89-128:~#
root@ip-172-31-89-128:~# lvcreate -n lvtesters -L +100%FREE vgtesters
  Can't parse size argument.
  Invalid argument for --size: +100%FREE
  Error during parsing of command line.
root@ip-172-31-89-128:~#
root@ip-172-31-89-128:~# lvcreate -n lvtesters -L 30G vgtesters
  Volume group "vgtesters" has insufficient free space (7679 extents): 7680 required.
root@ip-172-31-89-128:~#
root@ip-172-31-89-128:~# lvcreate -n lvtesters -L 29.9G vgtesters
  Rounding up size to full physical extent 29.90 GiB
  Logical volume "lvtesters" created.
root@ip-172-31-89-128:~#
root@ip-172-31-89-128:~# lvs
  LV           VG        Attr       LSize   Pool Origin Data%  Meta%  Move Log Cpy%Sync Convert
  lvdeveloper1 vgdevops  -wi-ao----   9.90g
  lvdevops1    vgdevops  -wi-ao---- <47.94g
  lvtesters    vgtesters -wi-a-----  29.90g
root@ip-172-31-89-128:~#
root@ip-172-31-89-128:~# pvs
  PV          VG        Fmt  Attr PSize   PFree
  /dev/xvdbb1 vgdevops  lvm2 a--  <27.94g      0
  /dev/xvdbb2 vgdevops  lvm2 a--  <30.00g  96.00m
  /dev/xvdbb3           lvm2 ---   30.00g  30.00g
  /dev/xvdbb4           lvm2 ---  <62.06g <62.06g
  /dev/xvdbc  vgtesters lvm2 a--  <30.00g  96.00m
root@ip-172-31-89-128:~#
root@ip-172-31-89-128:~# vgs
  VG        #PV #LV #SN Attr   VSize   VFree
  vgdevops    2   2   0 wz--n-  57.93g 96.00m
  vgtesters   1   1   0 wz--n- <30.00g 96.00m
root@ip-172-31-89-128:~#
root@ip-172-31-89-128:~# mkfs.ext4 /dev/mapper/vgtesters-lvtesters
mke2fs 1.47.0 (5-Feb-2023)
Creating filesystem with 7838720 4k blocks and 1962240 inodes
Filesystem UUID: 28aadb4c-c8f1-458e-92db-087df6dc8628
Superblock backups stored on blocks:
        32768, 98304, 163840, 229376, 294912, 819200, 884736, 1605632, 2654208,
        4096000

Allocating group tables: done
Writing inode tables: done
Creating journal (32768 blocks): done
Writing superblocks and filesystem accounting information: done

root@ip-172-31-89-128:~#
root@ip-172-31-89-128:~#
root@ip-172-31-89-128:~# mkdir -p /users/testers
root@ip-172-31-89-128:~#
root@ip-172-31-89-128:~# vi /etc/fstab
root@ip-172-31-89-128:~#
root@ip-172-31-89-128:~# cat /etc/fstab
LABEL=cloudimg-rootfs   /        ext4   discard,commit=30,errors=remount-ro     0 1
LABEL=BOOT      /boot   ext4    defaults        0 2
LABEL=UEFI      /boot/efi       vfat    umask=0077      0 1
/dev/mapper/vgdevops-lvdevops1    /users/devops  ext4  defaults 0 0
/dev/mapper/vgdevops-lvdeveloper1    /users/developer  ext4  defaults 0 0
/dev/mapper/vgtesters-lvtesters      /users/testers    ext4  defaults  0 0
root@ip-172-31-89-128:~#
root@ip-172-31-89-128:~# mount -a
mount: (hint) your fstab has been modified, but systemd still uses
       the old version; use 'systemctl daemon-reload' to reload.
root@ip-172-31-89-128:~#
root@ip-172-31-89-128:~# systemctl daemon-reload
root@ip-172-31-89-128:~#
root@ip-172-31-89-128:~# mount -a
root@ip-172-31-89-128:~#
root@ip-172-31-89-128:~# df -h
Filesystem                         Size  Used Avail Use% Mounted on
/dev/root                          6.8G  2.2G  4.6G  33% /
tmpfs                              479M     0  479M   0% /dev/shm
tmpfs                              192M  920K  191M   1% /run
tmpfs                              5.0M     0  5.0M   0% /run/lock
/dev/xvda16                        881M   86M  734M  11% /boot
/dev/xvda15                        105M  6.2M   99M   6% /boot/efi
/dev/mapper/vgdevops-lvdevops1      48G   24K   45G   1% /users/devops
tmpfs                               96M   12K   96M   1% /run/user/1000
/dev/mapper/vgdevops-lvdeveloper1  9.7G   24K  9.2G   1% /users/developer
/dev/mapper/vgtesters-lvtesters     30G   24K   28G   1% /users/testers
root@ip-172-31-89-128:~#
root@ip-172-31-89-128:~# date
Fri Jun 27 05:10:19 UTC 2025
root@ip-172-31-89-128:~#
root@ip-172-31-89-128:~#
root@ip-172-31-89-128:~# lsblk
NAME                      MAJ:MIN   RM  SIZE RO TYPE MOUNTPOINTS
loop0                       7:0      0 27.2M  1 loop /snap/amazon-ssm-agent/11320
loop1                       7:1      0 73.9M  1 loop /snap/core22/1981
loop2                       7:2      0 73.9M  1 loop /snap/core22/2010
loop3                       7:3      0 50.9M  1 loop /snap/snapd/24505
loop4                       7:4      0 50.9M  1 loop /snap/snapd/24718
xvda                      202:0      0    8G  0 disk
├─xvda1                   202:1      0    7G  0 part /
├─xvda14                  202:14     0    4M  0 part
├─xvda15                  202:15     0  106M  0 part /boot/efi
└─xvda16                  259:0      0  913M  0 part /boot
xvdbb                     202:13568  0  150G  0 disk
├─xvdbb1                  202:13569  0 27.9G  0 part
│ └─vgdevops-lvdevops1    252:0      0 47.9G  0 lvm  /users/devops
├─xvdbb2                  202:13570  0   30G  0 part
│ ├─vgdevops-lvdevops1    252:0      0 47.9G  0 lvm  /users/devops
│ └─vgdevops-lvdeveloper1 252:1      0  9.9G  0 lvm  /users/developer
├─xvdbb3                  202:13571  0   30G  0 part
└─xvdbb4                  202:13572  0 62.1G  0 part
xvdbc                     202:13824  0   40G  0 disk
└─vgtesters-lvtesters     252:2      0 29.9G  0 lvm  /users/testers
root@ip-172-31-89-128:~#
root@ip-172-31-89-128:~# vgs
  VG        #PV #LV #SN Attr   VSize   VFree
  vgdevops    2   2   0 wz--n-  57.93g 96.00m
  vgtesters   1   1   0 wz--n- <30.00g 96.00m
root@ip-172-31-89-128:~#
root@ip-172-31-89-128:~# pvs
  PV          VG        Fmt  Attr PSize   PFree
  /dev/xvdbb1 vgdevops  lvm2 a--  <27.94g      0
  /dev/xvdbb2 vgdevops  lvm2 a--  <30.00g  96.00m
  /dev/xvdbb3           lvm2 ---   30.00g  30.00g
  /dev/xvdbb4           lvm2 ---  <62.06g <62.06g
  /dev/xvdbc  vgtesters lvm2 a--  <30.00g  96.00m
root@ip-172-31-89-128:~#
root@ip-172-31-89-128:~# lvs
  LV           VG        Attr       LSize   Pool Origin Data%  Meta%  Move Log Cpy%Sync Convert
  lvdeveloper1 vgdevops  -wi-ao----   9.90g
  lvdevops1    vgdevops  -wi-ao---- <47.94g
  lvtesters    vgtesters -wi-ao----  29.90g
root@ip-172-31-89-128:~#
root@ip-172-31-89-128:~# pvresize /dev/xvdbc
  Physical volume "/dev/xvdbc" changed
  1 physical volume(s) resized or updated / 0 physical volume(s) not resized
root@ip-172-31-89-128:~#
root@ip-172-31-89-128:~# pvs
  PV          VG        Fmt  Attr PSize   PFree
  /dev/xvdbb1 vgdevops  lvm2 a--  <27.94g      0
  /dev/xvdbb2 vgdevops  lvm2 a--  <30.00g  96.00m
  /dev/xvdbb3           lvm2 ---   30.00g  30.00g
  /dev/xvdbb4           lvm2 ---  <62.06g <62.06g
  /dev/xvdbc  vgtesters lvm2 a--  <40.00g  10.09g
root@ip-172-31-89-128:~#
root@ip-172-31-89-128:~#
root@ip-172-31-89-128:~#
root@ip-172-31-89-128:~#
root@ip-172-31-89-128:~#
root@ip-172-31-89-128:~#
root@ip-172-31-89-128:~# lvextend -l +100%FREE /dev/mapper/vgtesters-lvtesters -r
  Size of logical volume vgtesters/lvtesters changed from 29.90 GiB (7655 extents) to <40.00 GiB (10239 extents).
  Logical volume vgtesters/lvtesters successfully resized.
resize2fs 1.47.0 (5-Feb-2023)
Filesystem at /dev/mapper/vgtesters-lvtesters is mounted on /users/testers; on-line resizing required
old_desc_blocks = 4, new_desc_blocks = 5
The filesystem on /dev/mapper/vgtesters-lvtesters is now 10484736 (4k) blocks long.

root@ip-172-31-89-128:~#
root@ip-172-31-89-128:~# pvs
  PV          VG        Fmt  Attr PSize   PFree
  /dev/xvdbb1 vgdevops  lvm2 a--  <27.94g      0
  /dev/xvdbb2 vgdevops  lvm2 a--  <30.00g  96.00m
  /dev/xvdbb3           lvm2 ---   30.00g  30.00g
  /dev/xvdbb4           lvm2 ---  <62.06g <62.06g
  /dev/xvdbc  vgtesters lvm2 a--  <40.00g      0
root@ip-172-31-89-128:~#
root@ip-172-31-89-128:~# vgs
  VG        #PV #LV #SN Attr   VSize   VFree
  vgdevops    2   2   0 wz--n-  57.93g 96.00m
  vgtesters   1   1   0 wz--n- <40.00g     0
root@ip-172-31-89-128:~#
root@ip-172-31-89-128:~# lvs
  LV           VG        Attr       LSize   Pool Origin Data%  Meta%  Move Log Cpy%Sync Convert
  lvdeveloper1 vgdevops  -wi-ao----   9.90g
  lvdevops1    vgdevops  -wi-ao---- <47.94g
  lvtesters    vgtesters -wi-ao---- <40.00g
root@ip-172-31-89-128:~#
root@ip-172-31-89-128:~# df -h /users/developer/
Filesystem                         Size  Used Avail Use% Mounted on
/dev/mapper/vgdevops-lvdeveloper1  9.7G   24K  9.2G   1% /users/developer
root@ip-172-31-89-128:~#
root@ip-172-31-89-128:~#
root@ip-172-31-89-128:~#
root@ip-172-31-89-128:~# pvs
  PV          VG        Fmt  Attr PSize   PFree
  /dev/xvdbb1 vgdevops  lvm2 a--  <27.94g      0
  /dev/xvdbb2 vgdevops  lvm2 a--  <30.00g  96.00m
  /dev/xvdbb3           lvm2 ---   30.00g  30.00g
  /dev/xvdbb4           lvm2 ---  <62.06g <62.06g
  /dev/xvdbc  vgtesters lvm2 a--  <40.00g      0
root@ip-172-31-89-128:~#
root@ip-172-31-89-128:~# df -h /users/testers/
Filesystem                       Size  Used Avail Use% Mounted on
/dev/mapper/vgtesters-lvtesters   40G   24K   38G   1% /users/testers
root@ip-172-31-89-128:~#
root@ip-172-31-89-128:~# date
Fri Jun 27 05:39:50 UTC 2025
root@ip-172-31-89-128:~#
root@ip-172-31-89-128:~#
root@ip-172-31-89-128:~#
root@ip-172-31-89-128:~# df -h
Filesystem                         Size  Used Avail Use% Mounted on
/dev/root                          6.8G  2.2G  4.6G  33% /
tmpfs                              479M     0  479M   0% /dev/shm
tmpfs                              192M  916K  191M   1% /run
tmpfs                              5.0M     0  5.0M   0% /run/lock
/dev/xvda16                        881M   86M  734M  11% /boot
/dev/xvda15                        105M  6.2M   99M   6% /boot/efi
/dev/mapper/vgdevops-lvdevops1      48G   24K   45G   1% /users/devops
tmpfs                               96M   12K   96M   1% /run/user/1000
/dev/mapper/vgdevops-lvdeveloper1  9.7G   24K  9.2G   1% /users/developer
/dev/mapper/vgtesters-lvtesters     40G   24K   38G   1% /users/testers
root@ip-172-31-89-128:~#
root@ip-172-31-89-128:~# ummount -l /users/devops
Command 'ummount' not found, did you mean:
  command 'umount' from deb mount (2.39.3-9ubuntu6.2)
  command 'mmount' from deb mtools (4.0.43-1)
Try: apt install <deb name>
root@ip-172-31-89-128:~#
root@ip-172-31-89-128:~#
root@ip-172-31-89-128:~# apt install umount
Reading package lists... Done
Building dependency tree... Done
Reading state information... Done
E: Unable to locate package umount
root@ip-172-31-89-128:~#
root@ip-172-31-89-128:~#
root@ip-172-31-89-128:~#
root@ip-172-31-89-128:~#
root@ip-172-31-89-128:~# df -h
Filesystem                         Size  Used Avail Use% Mounted on
/dev/root                          6.8G  2.2G  4.6G  33% /
tmpfs                              479M     0  479M   0% /dev/shm
tmpfs                              192M  916K  191M   1% /run
tmpfs                              5.0M     0  5.0M   0% /run/lock
/dev/xvda16                        881M   86M  734M  11% /boot
/dev/xvda15                        105M  6.2M   99M   6% /boot/efi
/dev/mapper/vgdevops-lvdevops1      48G   24K   45G   1% /users/devops
tmpfs                               96M   12K   96M   1% /run/user/1000
/dev/mapper/vgdevops-lvdeveloper1  9.7G   24K  9.2G   1% /users/developer
/dev/mapper/vgtesters-lvtesters     40G   24K   38G   1% /users/testers
root@ip-172-31-89-128:~#
root@ip-172-31-89-128:~# umount -l /users/devops
root@ip-172-31-89-128:~#
root@ip-172-31-89-128:~# umount -l /users/devops
umount: /users/devops: not mounted.
root@ip-172-31-89-128:~#
root@ip-172-31-89-128:~# umount -l /users/developer
root@ip-172-31-89-128:~# umount -l /users/developer
umount: /users/developer: not mounted.
root@ip-172-31-89-128:~#
root@ip-172-31-89-128:~# umount -l /users/testers
root@ip-172-31-89-128:~# umount -l /users/testers
umount: /users/testers: not mounted.
root@ip-172-31-89-128:~#
root@ip-172-31-89-128:~# df -h
Filesystem      Size  Used Avail Use% Mounted on
/dev/root       6.8G  2.2G  4.6G  33% /
tmpfs           479M     0  479M   0% /dev/shm
tmpfs           192M  916K  191M   1% /run
tmpfs           5.0M     0  5.0M   0% /run/lock
/dev/xvda16     881M   86M  734M  11% /boot
/dev/xvda15     105M  6.2M   99M   6% /boot/efi
tmpfs            96M   12K   96M   1% /run/user/1000
root@ip-172-31-89-128:~#
root@ip-172-31-89-128:~#
root@ip-172-31-89-128:~#
root@ip-172-31-89-128:~# lvs
  LV           VG        Attr       LSize   Pool Origin Data%  Meta%  Move Log Cpy%Sync Convert
  lvdeveloper1 vgdevops  -wi-a-----   9.90g
  lvdevops1    vgdevops  -wi-a----- <47.94g
  lvtesters    vgtesters -wi-a----- <40.00g
root@ip-172-31-89-128:~#
root@ip-172-31-89-128:~# lvremove /dev/mapper/vg
vgdevops-lvdeveloper1  vgdevops-lvdevops1     vgtesters-lvtesters
root@ip-172-31-89-128:~# lvremove /dev/mapper/^C
root@ip-172-31-89-128:~#
root@ip-172-31-89-128:~#
root@ip-172-31-89-128:~# lvs
  LV           VG        Attr       LSize   Pool Origin Data%  Meta%  Move Log Cpy%Sync Convert
  lvdeveloper1 vgdevops  -wi-a-----   9.90g
  lvdevops1    vgdevops  -wi-a----- <47.94g
  lvtesters    vgtesters -wi-a----- <40.00g
root@ip-172-31-89-128:~#
root@ip-172-31-89-128:~# lvremove vgdevops-lvdeveloper1
  Volume group "vgdevops-lvdeveloper1" not found
  Cannot process volume group vgdevops-lvdeveloper1
root@ip-172-31-89-128:~#
root@ip-172-31-89-128:~#
root@ip-172-31-89-128:~# lvs
  LV           VG        Attr       LSize   Pool Origin Data%  Meta%  Move Log Cpy%Sync Convert
  lvdeveloper1 vgdevops  -wi-a-----   9.90g
  lvdevops1    vgdevops  -wi-a----- <47.94g
  lvtesters    vgtesters -wi-a----- <40.00g
root@ip-172-31-89-128:~#
root@ip-172-31-89-128:~# lvremove /dev/mapper/vgdevops-lvdeveloper1
Do you really want to remove and DISCARD active logical volume vgdevops/lvdeveloper1? [y/n]: y
  Logical volume "lvdeveloper1" successfully removed.
root@ip-172-31-89-128:~#
root@ip-172-31-89-128:~# lvremove /dev/mapper/vgdevops-lvdevops1
Do you really want to remove and DISCARD active logical volume vgdevops/lvdevops1? [y/n]: y
  Logical volume "lvdevops1" successfully removed.
root@ip-172-31-89-128:~#
root@ip-172-31-89-128:~# lvremove /dev/mapper/vgtesters-lvtesters
Do you really want to remove and DISCARD active logical volume vgtesters/lvtesters? [y/n]: y
  Logical volume "lvtesters" successfully removed.
root@ip-172-31-89-128:~#
root@ip-172-31-89-128:~# lvs
root@ip-172-31-89-128:~#
root@ip-172-31-89-128:~# date
Fri Jun 27 05:44:09 UTC 2025
root@ip-172-31-89-128:~#
root@ip-172-31-89-128:~#
root@ip-172-31-89-128:~# vgs
  VG        #PV #LV #SN Attr   VSize   VFree
  vgdevops    2   0   0 wz--n-  57.93g  57.93g
  vgtesters   1   0   0 wz--n- <40.00g <40.00g
root@ip-172-31-89-128:~#
root@ip-172-31-89-128:~# pvs
  PV          VG        Fmt  Attr PSize   PFree
  /dev/xvdbb1 vgdevops  lvm2 a--  <27.94g <27.94g
  /dev/xvdbb2 vgdevops  lvm2 a--  <30.00g <30.00g
  /dev/xvdbb3           lvm2 ---   30.00g  30.00g
  /dev/xvdbb4           lvm2 ---  <62.06g <62.06g
  /dev/xvdbc  vgtesters lvm2 a--  <40.00g <40.00g
root@ip-172-31-89-128:~#
root@ip-172-31-89-128:~#
root@ip-172-31-89-128:~#
root@ip-172-31-89-128:~# vgreduce vgdevops /dev/xvdbb1
  Removed "/dev/xvdbb1" from volume group "vgdevops"
root@ip-172-31-89-128:~#
root@ip-172-31-89-128:~# vgreduce vgdevops /dev/xvdbb2
  Can't remove final physical volume "/dev/xvdbb2" from volume group "vgdevops"
root@ip-172-31-89-128:~#
root@ip-172-31-89-128:~# vgremove vgdevops
  Volume group "vgdevops" successfully removed
root@ip-172-31-89-128:~#
root@ip-172-31-89-128:~# vgs
  VG        #PV #LV #SN Attr   VSize   VFree
  vgtesters   1   0   0 wz--n- <40.00g <40.00g
root@ip-172-31-89-128:~#
root@ip-172-31-89-128:~# pvs
  PV          VG        Fmt  Attr PSize   PFree
  /dev/xvdbb1           lvm2 ---  <27.94g <27.94g
  /dev/xvdbb2           lvm2 ---   30.00g  30.00g
  /dev/xvdbb3           lvm2 ---   30.00g  30.00g
  /dev/xvdbb4           lvm2 ---  <62.06g <62.06g
  /dev/xvdbc  vgtesters lvm2 a--  <40.00g <40.00g
root@ip-172-31-89-128:~#
root@ip-172-31-89-128:~# vgremove vgtesters
  Volume group "vgtesters" successfully removed
root@ip-172-31-89-128:~#
root@ip-172-31-89-128:~# vgs
root@ip-172-31-89-128:~#
root@ip-172-31-89-128:~# pvs
  PV          VG Fmt  Attr PSize   PFree
  /dev/xvdbb1    lvm2 ---  <27.94g <27.94g
  /dev/xvdbb2    lvm2 ---   30.00g  30.00g
  /dev/xvdbb3    lvm2 ---   30.00g  30.00g
  /dev/xvdbb4    lvm2 ---  <62.06g <62.06g
  /dev/xvdbc     lvm2 ---   40.00g  40.00g
root@ip-172-31-89-128:~#
root@ip-172-31-89-128:~# date
Fri Jun 27 05:46:59 UTC 2025
root@ip-172-31-89-128:~#
root@ip-172-31-89-128:~#
root@ip-172-31-89-128:~# pvs
  PV          VG Fmt  Attr PSize   PFree
  /dev/xvdbb1    lvm2 ---  <27.94g <27.94g
  /dev/xvdbb2    lvm2 ---   30.00g  30.00g
  /dev/xvdbb3    lvm2 ---   30.00g  30.00g
  /dev/xvdbb4    lvm2 ---  <62.06g <62.06g
  /dev/xvdbc     lvm2 ---   40.00g  40.00g
root@ip-172-31-89-128:~#
root@ip-172-31-89-128:~# pvremove /dev/xvdbb1 /dev/xvdbb2 /dev/xvdbb3 /dev/xvdbb4 /dev/xvdbc
  Labels on physical volume "/dev/xvdbb1" successfully wiped.
  Labels on physical volume "/dev/xvdbb2" successfully wiped.
  Labels on physical volume "/dev/xvdbb3" successfully wiped.
  Labels on physical volume "/dev/xvdbb4" successfully wiped.
  Labels on physical volume "/dev/xvdbc" successfully wiped.
root@ip-172-31-89-128:~#
root@ip-172-31-89-128:~# pvs
root@ip-172-31-89-128:~#
root@ip-172-31-89-128:~# vgs
root@ip-172-31-89-128:~#
root@ip-172-31-89-128:~# lvs
root@ip-172-31-89-128:~#
root@ip-172-31-89-128:~# date
Fri Jun 27 05:48:52 UTC 2025
root@ip-172-31-89-128:~#
root@ip-172-31-89-128:~#
root@ip-172-31-89-128:~# fdisk
fdisk: bad usage
Try 'fdisk --help' for more information.
root@ip-172-31-89-128:~#
root@ip-172-31-89-128:~#
root@ip-172-31-89-128:~#
root@ip-172-31-89-128:~# date
Fri Jun 27 05:51:03 UTC 2025
root@ip-172-31-89-128:~#
root@ip-172-31-89-128:~# lsblk
NAME     MAJ:MIN   RM  SIZE RO TYPE MOUNTPOINTS
loop0      7:0      0 27.2M  1 loop /snap/amazon-ssm-agent/11320
loop1      7:1      0 73.9M  1 loop /snap/core22/1981
loop2      7:2      0 73.9M  1 loop /snap/core22/2010
loop3      7:3      0 50.9M  1 loop /snap/snapd/24505
loop4      7:4      0 50.9M  1 loop /snap/snapd/24718
xvda     202:0      0    8G  0 disk
├─xvda1  202:1      0    7G  0 part /
├─xvda14 202:14     0    4M  0 part
├─xvda15 202:15     0  106M  0 part /boot/efi
└─xvda16 259:0      0  913M  0 part /boot
xvdbb    202:13568  0  150G  0 disk
├─xvdbb1 202:13569  0 27.9G  0 part
├─xvdbb2 202:13570  0   30G  0 part
├─xvdbb3 202:13571  0   30G  0 part
└─xvdbb4 202:13572  0 62.1G  0 part
xvdbc    202:13824  0   40G  0 disk
root@ip-172-31-89-128:~#
root@ip-172-31-89-128:~# fdisk /dev/xvdbc

Welcome to fdisk (util-linux 2.39.3).
Changes will remain in memory only, until you decide to write them.
Be careful before using the write command.

Device does not contain a recognized partition table.
Created a new DOS (MBR) disklabel with disk identifier 0xa552782f.

Command (m for help):
All unwritten changes will be lost, do you really want to quit? (y/n)y

root@ip-172-31-89-128:~#
root@ip-172-31-89-128:~# lsblk
NAME     MAJ:MIN   RM  SIZE RO TYPE MOUNTPOINTS
loop0      7:0      0 27.2M  1 loop /snap/amazon-ssm-agent/11320
loop1      7:1      0 73.9M  1 loop /snap/core22/1981
loop2      7:2      0 73.9M  1 loop /snap/core22/2010
loop3      7:3      0 50.9M  1 loop /snap/snapd/24505
loop4      7:4      0 50.9M  1 loop /snap/snapd/24718
xvda     202:0      0    8G  0 disk
├─xvda1  202:1      0    7G  0 part /
├─xvda14 202:14     0    4M  0 part
├─xvda15 202:15     0  106M  0 part /boot/efi
└─xvda16 259:0      0  913M  0 part /boot
xvdbb    202:13568  0  150G  0 disk
├─xvdbb1 202:13569  0 27.9G  0 part
├─xvdbb2 202:13570  0   30G  0 part
├─xvdbb3 202:13571  0   30G  0 part
└─xvdbb4 202:13572  0 62.1G  0 part
xvdbc    202:13824  0   40G  0 disk
root@ip-172-31-89-128:~#
root@ip-172-31-89-128:~# fdisk /dev/xvdbb

Welcome to fdisk (util-linux 2.39.3).
Changes will remain in memory only, until you decide to write them.
Be careful before using the write command.


Command (m for help): m

Help:

  DOS (MBR)
   a   toggle a bootable flag
   b   edit nested BSD disklabel
   c   toggle the dos compatibility flag

  Generic
   d   delete a partition
   F   list free unpartitioned space
   l   list known partition types
   n   add a new partition
   p   print the partition table
   t   change a partition type
   v   verify the partition table
   i   print information about a partition

  Misc
   m   print this menu
   u   change display/entry units
   x   extra functionality (experts only)

  Script
   I   load disk layout from sfdisk script file
   O   dump disk layout to sfdisk script file

  Save & Exit
   w   write table to disk and exit
   q   quit without saving changes

  Create a new label
   g   create a new empty GPT partition table
   G   create a new empty SGI (IRIX) partition table
   o   create a new empty MBR (DOS) partition table
   s   create a new empty Sun partition table


Command (m for help): p
Disk /dev/xvdbb: 150 GiB, 161061273600 bytes, 314572800 sectors
Units: sectors of 1 * 512 = 512 bytes
Sector size (logical/physical): 512 bytes / 512 bytes
I/O size (minimum/optimal): 512 bytes / 512 bytes
Disklabel type: dos
Disk identifier: 0x29ea4d44

Device      Boot     Start       End   Sectors  Size Id Type
/dev/xvdbb1           2048  58593750  58591703 27.9G 83 Linux
/dev/xvdbb2       58595328 121509888  62914561   30G 83 Linux
/dev/xvdbb3      121511936 184426496  62914561   30G 83 Linux
/dev/xvdbb4      184428544 314572799 130144256 62.1G 83 Linux

Command (m for help):


Command (m for help): d
Partition number (1-4, default 4): 1

Partition 1 has been deleted.

Command (m for help): p
Disk /dev/xvdbb: 150 GiB, 161061273600 bytes, 314572800 sectors
Units: sectors of 1 * 512 = 512 bytes
Sector size (logical/physical): 512 bytes / 512 bytes
I/O size (minimum/optimal): 512 bytes / 512 bytes
Disklabel type: dos
Disk identifier: 0x29ea4d44

Device      Boot     Start       End   Sectors  Size Id Type
/dev/xvdbb2       58595328 121509888  62914561   30G 83 Linux
/dev/xvdbb3      121511936 184426496  62914561   30G 83 Linux
/dev/xvdbb4      184428544 314572799 130144256 62.1G 83 Linux

Command (m for help):


Command (m for help): d
Partition number (2-4, default 4): 2

Partition 2 has been deleted.

Command (m for help):


Command (m for help): p

Disk /dev/xvdbb: 150 GiB, 161061273600 bytes, 314572800 sectors
Units: sectors of 1 * 512 = 512 bytes
Sector size (logical/physical): 512 bytes / 512 bytes
I/O size (minimum/optimal): 512 bytes / 512 bytes
Disklabel type: dos
Disk identifier: 0x29ea4d44

Device      Boot     Start       End   Sectors  Size Id Type
/dev/xvdbb3      121511936 184426496  62914561   30G 83 Linux
/dev/xvdbb4      184428544 314572799 130144256 62.1G 83 Linux

Command (m for help):


Command (m for help): d
Partition number (3,4, default 4): 3

Partition 3 has been deleted.

Command (m for help):


Command (m for help): p

Disk /dev/xvdbb: 150 GiB, 161061273600 bytes, 314572800 sectors
Units: sectors of 1 * 512 = 512 bytes
Sector size (logical/physical): 512 bytes / 512 bytes
I/O size (minimum/optimal): 512 bytes / 512 bytes
Disklabel type: dos
Disk identifier: 0x29ea4d44

Device      Boot     Start       End   Sectors  Size Id Type
/dev/xvdbb4      184428544 314572799 130144256 62.1G 83 Linux

Command (m for help):


Command (m for help): d

Selected partition 4
Partition 4 has been deleted.

Command (m for help): p
Disk /dev/xvdbb: 150 GiB, 161061273600 bytes, 314572800 sectors
Units: sectors of 1 * 512 = 512 bytes
Sector size (logical/physical): 512 bytes / 512 bytes
I/O size (minimum/optimal): 512 bytes / 512 bytes
Disklabel type: dos
Disk identifier: 0x29ea4d44

Command (m for help):


Command (m for help): w

The partition table has been altered.
Calling ioctl() to re-read partition table.
Syncing disks.

root@ip-172-31-89-128:~#
root@ip-172-31-89-128:~# lsblk
NAME     MAJ:MIN   RM  SIZE RO TYPE MOUNTPOINTS
loop0      7:0      0 27.2M  1 loop /snap/amazon-ssm-agent/11320
loop1      7:1      0 73.9M  1 loop /snap/core22/1981
loop2      7:2      0 73.9M  1 loop /snap/core22/2010
loop3      7:3      0 50.9M  1 loop /snap/snapd/24505
loop4      7:4      0 50.9M  1 loop /snap/snapd/24718
xvda     202:0      0    8G  0 disk
├─xvda1  202:1      0    7G  0 part /
├─xvda14 202:14     0    4M  0 part
├─xvda15 202:15     0  106M  0 part /boot/efi
└─xvda16 259:0      0  913M  0 part /boot
xvdbb    202:13568  0  150G  0 disk
xvdbc    202:13824  0   40G  0 disk
root@ip-172-31-89-128:~#
root@ip-172-31-89-128:~# date
Fri Jun 27 05:56:51 UTC 2025
root@ip-172-31-89-128:~#
root@ip-172-31-89-128:~#
root@ip-172-31-89-128:~#
root@ip-172-31-89-128:~#
root@ip-172-31-89-128:~# lsblk
NAME     MAJ:MIN RM  SIZE RO TYPE MOUNTPOINTS
loop0      7:0    0 27.2M  1 loop /snap/amazon-ssm-agent/11320
loop1      7:1    0 73.9M  1 loop /snap/core22/1981
loop2      7:2    0 73.9M  1 loop /snap/core22/2010
loop3      7:3    0 50.9M  1 loop /snap/snapd/24505
loop4      7:4    0 50.9M  1 loop /snap/snapd/24718
xvda     202:0    0    8G  0 disk
├─xvda1  202:1    0    7G  0 part /
├─xvda14 202:14   0    4M  0 part
├─xvda15 202:15   0  106M  0 part /boot/efi
└─xvda16 259:0    0  913M  0 part /boot
root@ip-172-31-89-128:~#
root@ip-172-31-89-128:~# date
Fri Jun 27 06:09:12 UTC 2025
root@ip-172-31-89-128:~#
root@ip-172-31-89-128:~# exit
logout
ubuntu@ip-172-31-89-128:~$ exit
logout
Connection to 54.173.67.66 closed.

deven@Krish-Dharshan MINGW64 ~/Downloads
$

deven@Krish-Dharshan MINGW64 ~/Downloads
$
